[backblue.gif]
[fade.gif]
[index.html]
[code.jquery.com/ui/1.11.4/themes/smoothness/jquery-ui.css]
[templates.majesticthemes.com/recipepress/images/favicon.png]
[templates.majesticthemes.com/recipepress/css/selectric.css]
[templates.majesticthemes.com/recipepress/css/font-awesome.min.css]
[templates.majesticthemes.com/recipepress/css/swipebox.css]
[templates.majesticthemes.com/recipepress/css/meanmenu.css]
[templates.majesticthemes.com/recipepress/css/slick.css]
[templates.majesticthemes.com/recipepress/css/slick-theme.css]
[templates.majesticthemes.com/recipepress/css/bootstrap.css]
[templates.majesticthemes.com/recipepress/css/bootstrap-theme.css]
[templates.majesticthemes.com/recipepress/css/animate.css]
[templates.majesticthemes.com/recipepress/css/main.css]
[templates.majesticthemes.com/recipepress/images/logo.png]
[templates.majesticthemes.com/recipepress/images/temp-images/full-slide-1.jpg]
[templates.majesticthemes.com/recipepress/images/temp-images/full-slide-2.jpg]
[templates.majesticthemes.com/recipepress/images/temp-images/full-slide-3.jpg]
[templates.majesticthemes.com/recipepress/images/temp-images/hot3-var1.jpg]
[templates.majesticthemes.com/recipepress/images/temp-images/hot3-var2.jpg]
[templates.majesticthemes.com/recipepress/images/temp-images/hot3-var3.jpg]
[templates.majesticthemes.com/recipepress/images/temp-images/hot3-var4.jpg]
[templates.majesticthemes.com/recipepress/images/chefs-hat.png]
[templates.majesticthemes.com/recipepress/images/temp-images/new-var1.jpg]
[templates.majesticthemes.com/recipepress/images/temp-images/new-var2.jpg]
[templates.majesticthemes.com/recipepress/images/temp-images/recipe-of-the-day.jpg]
[templates.majesticthemes.com/recipepress/images/temp-images/tab1.jpg]
[templates.majesticthemes.com/recipepress/images/temp-images/tab2.jpg]
[templates.majesticthemes.com/recipepress/images/temp-images/tab3.jpg]
[templates.majesticthemes.com/recipepress/images/bg-corner-tomato.png]
[templates.majesticthemes.com/recipepress/images/logo-var1.png]
[templates.majesticthemes.com/recipepress/images/temp-images/widget-thumbnail.jpg]
[templates.majesticthemes.com/recipepress/js/jquery-1.11.3.min.js]
[templates.majesticthemes.com/recipepress/js/slick.min.js]
[templates.majesticthemes.com/recipepress/js/jquery.meanmenu.js]
[templates.majesticthemes.com/recipepress/js/jquery.selectric.min.js]
[templates.majesticthemes.com/recipepress/js/wow.js]
[templates.majesticthemes.com/recipepress/js/jquery.validate.min.js]
[templates.majesticthemes.com/recipepress/js/jquery.form.js]
[templates.majesticthemes.com/recipepress/js/custom.js]
[templates.majesticthemes.com/recipepress/js/jquery.swipebox.js]
[templates.majesticthemes.com/recipepress/variation3.html]
[code.jquery.com/ui/1.11.4/themes/smoothness/images/ui-bg_flat_75_ffffff_40x100.png]
[code.jquery.com/ui/1.11.4/themes/smoothness/images/ui-bg_highlight-soft_75_cccccc_1x100.png]
[code.jquery.com/ui/1.11.4/themes/smoothness/images/ui-bg_glass_75_e6e6e6_1x400.png]
[code.jquery.com/ui/1.11.4/themes/smoothness/images/ui-bg_glass_75_dadada_1x400.png]
[code.jquery.com/ui/1.11.4/themes/smoothness/images/ui-bg_glass_65_ffffff_1x400.png]
[templates.majesticthemes.com/recipepress/js/jquery-ui.js]
[code.jquery.com/ui/1.11.4/themes/smoothness/images/ui-bg_glass_55_fbf9ee_1x400.png]
[code.jquery.com/ui/1.11.4/themes/smoothness/images/ui-bg_glass_95_fef1ec_1x400.png]
[code.jquery.com/ui/1.11.4/themes/smoothness/images/ui-icons_222222_256x240.png]
[code.jquery.com/ui/1.11.4/themes/smoothness/images/ui-icons_888888_256x240.png]
[code.jquery.com/ui/1.11.4/themes/smoothness/images/ui-icons_454545_256x240.png]
[code.jquery.com/ui/1.11.4/themes/smoothness/images/ui-icons_2e83ff_256x240.png]
[code.jquery.com/ui/1.11.4/themes/smoothness/images/ui-icons_cd0a0a_256x240.png]
[code.jquery.com/ui/1.11.4/themes/smoothness/images/ui-bg_flat_0_aaaaaa_40x100.png]
[code.jquery.com/ui/1.11.4/themes/smoothness/jquery-ui.css]
[templates.majesticthemes.com/recipepress/css/selectric.css]
[templates.majesticthemes.com/recipepress/fonts/fontawesome-webfonte0a5.woff]
[templates.majesticthemes.com/recipepress/fonts/fontawesome-webfonte0a5.ttf]
[templates.majesticthemes.com/recipepress/fonts/fontawesome-webfonte0a5.eot]
[templates.majesticthemes.com/recipepress/css/font-awesome.min.css]
[templates.majesticthemes.com/recipepress/images/swipe-box/loader.gif]
[templates.majesticthemes.com/recipepress/fonts/fontawesome-webfontd41d.eot]
[templates.majesticthemes.com/recipepress/images/swipe-box/icons.png]
[templates.majesticthemes.com/recipepress/css/swipebox.css]
[templates.majesticthemes.com/recipepress/css/meanmenu.css]
[templates.majesticthemes.com/recipepress/css/slick.css]
[templates.majesticthemes.com/recipepress/images/ajax-loader.gif]
[templates.majesticthemes.com/recipepress/fonts/slick.eot]
[templates.majesticthemes.com/recipepress/fonts/slickd41d.eot]
[templates.majesticthemes.com/recipepress/fonts/slick.woff]
[templates.majesticthemes.com/recipepress/fonts/slick.ttf]
[templates.majesticthemes.com/recipepress/css/slick-theme.css]
[templates.majesticthemes.com/recipepress/css/bootstrap.css]
[templates.majesticthemes.com/recipepress/css/bootstrap-theme.css]
[templates.majesticthemes.com/recipepress/css/animate.css]
[templates.majesticthemes.com/recipepress/images/temp-images/chefs-banner.jpg]
[templates.majesticthemes.com/recipepress/images/temp-images/footer-bg.jpg]
[templates.majesticthemes.com/recipepress/images/temp-images/footer-bg-full.jpg]
[templates.majesticthemes.com/recipepress/images/temp-images/banner-blog.jpg]
[templates.majesticthemes.com/recipepress/images/temp-images/banner-chefs.jpg]
[templates.majesticthemes.com/recipepress/images/bg-ingredients.png]
[templates.majesticthemes.com/recipepress/images/bg-nutritional.png]
[templates.majesticthemes.com/recipepress/images/bg-tips.png]
[templates.majesticthemes.com/recipepress/css/main.css]
[templates.majesticthemes.com/recipepress/showcase/showcase.css]
[templates.majesticthemes.com/recipepress/showcase/showcase-logo.png]
[templates.majesticthemes.com/recipepress/showcase/var1.jpg]
[templates.majesticthemes.com/recipepress/showcase/var2.jpg]
[templates.majesticthemes.com/recipepress/showcase/var3.jpg]
[templates.majesticthemes.com/recipepress/showcase/var4.jpg]
[templates.majesticthemes.com/recipepress/showcase/var5.jpg]
[templates.majesticthemes.com/recipepress/showcase/var6.jpg]
[templates.majesticthemes.com/recipepress/index.html]
[templates.majesticthemes.com/recipepress/images/temp-images/slide1.jpg]
[templates.majesticthemes.com/recipepress/images/temp-images/slide2.jpg]
[templates.majesticthemes.com/recipepress/images/slider-bg-corner.png]
[templates.majesticthemes.com/recipepress/images/temp-images/hot-full.jpg]
[templates.majesticthemes.com/recipepress/images/temp-images/hot-1.jpg]
[templates.majesticthemes.com/recipepress/images/temp-images/hot-2.jpg]
[templates.majesticthemes.com/recipepress/images/temp-images/hot-3.jpg]
[templates.majesticthemes.com/recipepress/images/temp-images/hot-4.jpg]
[templates.majesticthemes.com/recipepress/images/temp-images/hot-5.jpg]
[templates.majesticthemes.com/recipepress/images/slider-bg-corner2.png]
[templates.majesticthemes.com/recipepress/images/burger-icon.png]
[templates.majesticthemes.com/recipepress/images/grapes-icon.png]
[templates.majesticthemes.com/recipepress/images/salt-pot-icon.png]
[templates.majesticthemes.com/recipepress/images/temp-images/good-food.jpg]
[templates.majesticthemes.com/recipepress/images/temp-images/chef1.jpg]
[templates.majesticthemes.com/recipepress/images/temp-images/chef2.jpg]
[templates.majesticthemes.com/recipepress/images/temp-images/chef3.jpg]
[templates.majesticthemes.com/recipepress/images/temp-images/chef4.jpg]
[templates.majesticthemes.com/recipepress/images/chefs-corner-bg.png]
[templates.majesticthemes.com/recipepress/images/temp-images/news2.jpg]
[templates.majesticthemes.com/recipepress/images/temp-images/news3.jpg]
[templates.majesticthemes.com/recipepress/images/temp-images/news1.jpg]
[templates.majesticthemes.com/recipepress/images/news-corner-bg.jpg]
[templates.majesticthemes.com/recipepress/images/temp-images/recipe-banner-img.png]
[templates.majesticthemes.com/recipepress/images/logo2.png]
[templates.majesticthemes.com/recipepress/images/footer-corner-image.jpg]
[templates.majesticthemes.com/recipepress/variation1.html]
[templates.majesticthemes.com/recipepress/images/temp-images/similar-recipe-slider.png]
[templates.majesticthemes.com/recipepress/images/temp-images/similar-recipe-slider2.png]
[templates.majesticthemes.com/recipepress/images/temp-images/similar-recipe-slider3.png]
[templates.majesticthemes.com/recipepress/images/temp-images/hot-var1.jpg]
[templates.majesticthemes.com/recipepress/images/temp-images/hot-var2.jpg]
[templates.majesticthemes.com/recipepress/images/temp-images/hot-var3.jpg]
[templates.majesticthemes.com/recipepress/images/temp-images/chef-var1.jpg]
[templates.majesticthemes.com/recipepress/images/temp-images/chef-var2.jpg]
[templates.majesticthemes.com/recipepress/images/temp-images/chef-var3.jpg]
[templates.majesticthemes.com/recipepress/images/temp-images/chef-var4.jpg]
[templates.majesticthemes.com/recipepress/images/food-icon1.png]
[templates.majesticthemes.com/recipepress/images/food-icon2.png]
[templates.majesticthemes.com/recipepress/images/food-icon3.png]
[templates.majesticthemes.com/recipepress/variation2.html]
[templates.majesticthemes.com/recipepress/images/temp-images/slider-var3.jpg]
[templates.majesticthemes.com/recipepress/images/temp-images/slider-var3-1.jpg]
[templates.majesticthemes.com/recipepress/images/temp-images/bg-sider-var3.jpg]
[templates.majesticthemes.com/recipepress/video/fh2.mp4]
[templates.majesticthemes.com/recipepress/variation4.html]
[templates.majesticthemes.com/recipepress/images/temp-images/header-banner.jpg]
[templates.majesticthemes.com/recipepress/images/temp-images/main-recipe1.jpg]
[templates.majesticthemes.com/recipepress/images/temp-images/main-recipe2.jpg]
[templates.majesticthemes.com/recipepress/images/temp-images/main-recipe3.jpg]
[templates.majesticthemes.com/recipepress/images/temp-images/main-recipe4.jpg]
[templates.majesticthemes.com/recipepress/images/temp-images/main-recipe5.jpg]
[templates.majesticthemes.com/recipepress/images/temp-images/main-recipe6.jpg]
[templates.majesticthemes.com/recipepress/images/temp-images/main-recipe7.jpg]
[templates.majesticthemes.com/recipepress/images/temp-images/add-side.jpg]
[templates.majesticthemes.com/recipepress/variation5.html]
[templates.majesticthemes.com/recipepress/variation6.html]
[templates.majesticthemes.com/recipepress/images/temp-images/listing-1.jpg]
[templates.majesticthemes.com/recipepress/images/temp-images/listing-2.jpg]
[templates.majesticthemes.com/recipepress/images/temp-images/listing-3.jpg]
[templates.majesticthemes.com/recipepress/images/temp-images/listing-4.jpg]
[templates.majesticthemes.com/recipepress/recipe-listing.html]
[templates.majesticthemes.com/recipepress/recipe-listing-grid.html]
[templates.majesticthemes.com/recipepress/js/flexslider/flexslider.css]
[templates.majesticthemes.com/recipepress/images/temp-images/slide-recipe-detail.jpg]
[templates.majesticthemes.com/recipepress/images/temp-images/slider-detail-thumb.jpg]
[templates.majesticthemes.com/recipepress/images/temp-images/step1.jpg]
[templates.majesticthemes.com/recipepress/images/temp-images/step3.jpg]
[templates.majesticthemes.com/recipepress/images/temp-images/step5.jpg]
[templates.majesticthemes.com/recipepress/images/temp-images/about-chef-detail.jpg]
[templates.majesticthemes.com/recipepress/images/temp-images/recipe-comment1.jpg]
[templates.majesticthemes.com/recipepress/images/temp-images/recipe-comment2.jpg]
[templates.majesticthemes.com/recipepress/images/temp-images/image-overlay.jpg]
[templates.majesticthemes.com/recipepress/recipe-detail.html]
[templates.majesticthemes.com/recipepress/images/temp-images/slide-recipe2-detail.jpg]
[templates.majesticthemes.com/recipepress/js/flexslider/jquery.flexslider-min.js]
[templates.majesticthemes.com/recipepress/images/temp-images/steps-tab1.jpg]
[templates.majesticthemes.com/recipepress/recipe-detail2.html]
[templates.majesticthemes.com/recipepress/images/temp-images/head-chef.jpg]
[templates.majesticthemes.com/recipepress/images/temp-images/bg-corner-shef.jpg]
[templates.majesticthemes.com/recipepress/images/temp-images/chef-team1.jpg]
[templates.majesticthemes.com/recipepress/images/temp-images/chef-team11.jpg]
[templates.majesticthemes.com/recipepress/images/temp-images/chef-team3.jpg]
[templates.majesticthemes.com/recipepress/images/temp-images/chef-team4.jpg]
[templates.majesticthemes.com/recipepress/images/temp-images/chef-team5.jpg]
[templates.majesticthemes.com/recipepress/images/temp-images/chef-team6.jpg]
[templates.majesticthemes.com/recipepress/images/temp-images/chef-team7.jpg]
[templates.majesticthemes.com/recipepress/images/temp-images/chef-team8.jpg]
[templates.majesticthemes.com/recipepress/images/temp-images/chef-team10.jpg]
[templates.majesticthemes.com/recipepress/images/temp-images/chef-team12.jpg]
[templates.majesticthemes.com/recipepress/our-chefs.html]
[templates.majesticthemes.com/recipepress/images/temp-images/post-image-1.jpg]
[templates.majesticthemes.com/recipepress/images/temp-images/post-image-2.jpg]
[templates.majesticthemes.com/recipepress/audio/very_romantic_piano.mp3]
[templates.majesticthemes.com/recipepress/blog.html]
[templates.majesticthemes.com/recipepress/images/temp-images/author-avatar.jpg]
[templates.majesticthemes.com/recipepress/images/temp-images/gravatar1.jpg]
[templates.majesticthemes.com/recipepress/images/temp-images/gravatar2.jpg]
[templates.majesticthemes.com/recipepress/images/temp-images/gravatar3.jpg]
[templates.majesticthemes.com/recipepress/images/temp-images/gravatar4.jpg]
[templates.majesticthemes.com/recipepress/single.html]
[templates.majesticthemes.com/recipepress/elements.html]
[templates.majesticthemes.com/recipepress/images/loader2.gif]
[templates.majesticthemes.com/recipepress/contact.html]
[templates.majesticthemes.com/recipepress/submit-recipe.html]
[templates.majesticthemes.com/recipepress/fonts/fontawesome-webfonte0a5.html]
[templates.majesticthemes.com/recipepress/fonts/fontawesome-webfonte0a5.svg]
[templates.majesticthemes.com/recipepress/fonts/slick.svg]
[templates.majesticthemes.com/recipepress/images/temp-images/banner-blog.jpg]
[templates.majesticthemes.com/recipepress/showcase/tomato-bg.jpg]
[templates.majesticthemes.com/recipepress/showcase/laptop.png]
[templates.majesticthemes.com/recipepress/showcase/laptop-site-small.jpg]
[templates.majesticthemes.com/recipepress/showcase/phone.png]
[templates.majesticthemes.com/recipepress/showcase/phone-site-small.jpg]
[templates.majesticthemes.com/recipepress/showcase/showcase.css]
[templates.majesticthemes.com/recipepress/showcase/var3.jpg]
[templates.majesticthemes.com/recipepress/v6.html]
[templates.majesticthemes.com/recipepress/js/flexslider/flexslider.css]
[templates.majesticthemes.com/recipepress/images/temp-images/step2.jpg]
[templates.majesticthemes.com/recipepress/images/temp-images/step4.jpg]
